[     312ms] [WARNING] THREE.THREE.Clock: This module has been deprecated. Please use THREE.Timer instead. @ http://localhost:5173/@vite/client:509
[  146144ms] [WARNING] THREE.THREE.Clock: This module has been deprecated. Please use THREE.Timer instead. @ http://localhost:5173/@vite/client:509
[  150138ms] [ERROR] %s a style property during rerender (%s) when a conflicting property is set (%s) can lead to styling bugs. To avoid this, don't mix shorthand and non-shorthand properties for the same value; instead, replace the shorthand with separate values. Removing borderColor border @ http://localhost:5173/@vite/client:509
[  150393ms] [ERROR] %s a style property during rerender (%s) when a conflicting property is set (%s) can lead to styling bugs. To avoid this, don't mix shorthand and non-shorthand properties for the same value; instead, replace the shorthand with separate values. Removing borderColor border @ http://localhost:5173/@vite/client:509
[  151030ms] [ERROR] %s a style property during rerender (%s) when a conflicting property is set (%s) can lead to styling bugs. To avoid this, don't mix shorthand and non-shorthand properties for the same value; instead, replace the shorthand with separate values. Removing borderColor border @ http://localhost:5173/@vite/client:509
[  151349ms] TypeError: Cannot read properties of null (reading 'alpha')
    at EffectComposer.addPass (http://localhost:5173/node_modules/.vite/deps/@react-three_postprocessing.js?v=49a48f15:1054:61)
    at http://localhost:5173/node_modules/.vite/deps/@react-three_postprocessing.js?v=49a48f15:15401:26
    at Object.react_stack_bottom_frame (http://localhost:5173/node_modules/.vite/deps/react-three-fiber.esm-DLomctsd.js?v=49a48f15:7488:28)
    at B (http://localhost:5173/node_modules/.vite/deps/react-three-fiber.esm-DLomctsd.js?v=49a48f15:2433:90)
    at ca (http://localhost:5173/node_modules/.vite/deps/react-three-fiber.esm-DLomctsd.js?v=49a48f15:5308:80)
    at Pf (http://localhost:5173/node_modules/.vite/deps/react-three-fiber.esm-DLomctsd.js?v=49a48f15:5296:20)
    at yn (http://localhost:5173/node_modules/.vite/deps/react-three-fiber.esm-DLomctsd.js?v=49a48f15:5578:26)
    at rt (http://localhost:5173/node_modules/.vite/deps/react-three-fiber.esm-DLomctsd.js?v=49a48f15:5941:63)
    at yn (http://localhost:5173/node_modules/.vite/deps/react-three-fiber.esm-DLomctsd.js?v=49a48f15:5645:15)
    at rt (http://localhost:5173/node_modules/.vite/deps/react-three-fiber.esm-DLomctsd.js?v=49a48f15:5941:63)
[  151352ms] TypeError: Cannot read properties of null (reading 'alpha')
    at EffectComposer.addPass (http://localhost:5173/node_modules/.vite/deps/@react-three_postprocessing.js?v=49a48f15:1054:61)
    at http://localhost:5173/node_modules/.vite/deps/@react-three_postprocessing.js?v=49a48f15:15401:26
    at Object.react_stack_bottom_frame (http://localhost:5173/node_modules/.vite/deps/react-three-fiber.esm-DLomctsd.js?v=49a48f15:7488:28)
    at B (http://localhost:5173/node_modules/.vite/deps/react-three-fiber.esm-DLomctsd.js?v=49a48f15:2433:90)
    at ca (http://localhost:5173/node_modules/.vite/deps/react-three-fiber.esm-DLomctsd.js?v=49a48f15:5308:80)
    at Pf (http://localhost:5173/node_modules/.vite/deps/react-three-fiber.esm-DLomctsd.js?v=49a48f15:5296:20)
    at yn (http://localhost:5173/node_modules/.vite/deps/react-three-fiber.esm-DLomctsd.js?v=49a48f15:5578:26)
    at rt (http://localhost:5173/node_modules/.vite/deps/react-three-fiber.esm-DLomctsd.js?v=49a48f15:5941:63)
    at yn (http://localhost:5173/node_modules/.vite/deps/react-three-fiber.esm-DLomctsd.js?v=49a48f15:5645:15)
    at rt (http://localhost:5173/node_modules/.vite/deps/react-three-fiber.esm-DLomctsd.js?v=49a48f15:5941:63)
[  151353ms] [WARNING] %s

%s
 An error occurred in the <CanvasImpl> component. Consider adding an error boundary to your tree to customize error handling behavior.
Visit https://react.dev/link/error-boundaries to learn more about error boundaries. @ http://localhost:5173/@vite/client:509
[  179606ms] [WARNING] THREE.THREE.Clock: This module has been deprecated. Please use THREE.Timer instead. @ http://localhost:5173/@vite/client:509
[  189529ms] [WARNING] THREE.THREE.Clock: This module has been deprecated. Please use THREE.Timer instead. @ http://localhost:5173/@vite/client:509
[  196456ms] [WARNING] THREE.THREE.Clock: This module has been deprecated. Please use THREE.Timer instead. @ http://localhost:5173/@vite/client:509
[  239603ms] [ERROR] %s a style property during rerender (%s) when a conflicting property is set (%s) can lead to styling bugs. To avoid this, don't mix shorthand and non-shorthand properties for the same value; instead, replace the shorthand with separate values. Removing borderColor border @ http://localhost:5173/@vite/client:509
[  240325ms] [ERROR] %s a style property during rerender (%s) when a conflicting property is set (%s) can lead to styling bugs. To avoid this, don't mix shorthand and non-shorthand properties for the same value; instead, replace the shorthand with separate values. Removing borderColor border @ http://localhost:5173/@vite/client:509
[  240711ms] [ERROR] %s a style property during rerender (%s) when a conflicting property is set (%s) can lead to styling bugs. To avoid this, don't mix shorthand and non-shorthand properties for the same value; instead, replace the shorthand with separate values. Removing borderColor border @ http://localhost:5173/@vite/client:509
[  241621ms] [ERROR] %s a style property during rerender (%s) when a conflicting property is set (%s) can lead to styling bugs. To avoid this, don't mix shorthand and non-shorthand properties for the same value; instead, replace the shorthand with separate values. Removing borderColor border @ http://localhost:5173/@vite/client:509
[  241787ms] [ERROR] %s a style property during rerender (%s) when a conflicting property is set (%s) can lead to styling bugs. To avoid this, don't mix shorthand and non-shorthand properties for the same value; instead, replace the shorthand with separate values. Removing borderColor border @ http://localhost:5173/@vite/client:509
[  241858ms] [ERROR] %s a style property during rerender (%s) when a conflicting property is set (%s) can lead to styling bugs. To avoid this, don't mix shorthand and non-shorthand properties for the same value; instead, replace the shorthand with separate values. Removing borderColor border @ http://localhost:5173/@vite/client:509
[  242172ms] TypeError: Cannot read properties of null (reading 'alpha')
    at EffectComposer.addPass (http://localhost:5173/node_modules/.vite/deps/@react-three_postprocessing.js?v=49a48f15:1054:61)
    at http://localhost:5173/node_modules/.vite/deps/@react-three_postprocessing.js?v=49a48f15:15401:26
    at Object.react_stack_bottom_frame (http://localhost:5173/node_modules/.vite/deps/react-three-fiber.esm-DLomctsd.js?v=49a48f15:7488:28)
    at B (http://localhost:5173/node_modules/.vite/deps/react-three-fiber.esm-DLomctsd.js?v=49a48f15:2433:90)
    at ca (http://localhost:5173/node_modules/.vite/deps/react-three-fiber.esm-DLomctsd.js?v=49a48f15:5308:80)
    at Pf (http://localhost:5173/node_modules/.vite/deps/react-three-fiber.esm-DLomctsd.js?v=49a48f15:5296:20)
    at yn (http://localhost:5173/node_modules/.vite/deps/react-three-fiber.esm-DLomctsd.js?v=49a48f15:5578:26)
    at rt (http://localhost:5173/node_modules/.vite/deps/react-three-fiber.esm-DLomctsd.js?v=49a48f15:5941:63)
    at yn (http://localhost:5173/node_modules/.vite/deps/react-three-fiber.esm-DLomctsd.js?v=49a48f15:5645:15)
    at rt (http://localhost:5173/node_modules/.vite/deps/react-three-fiber.esm-DLomctsd.js?v=49a48f15:5941:63)
[  242179ms] TypeError: Cannot read properties of null (reading 'alpha')
    at EffectComposer.addPass (http://localhost:5173/node_modules/.vite/deps/@react-three_postprocessing.js?v=49a48f15:1054:61)
    at http://localhost:5173/node_modules/.vite/deps/@react-three_postprocessing.js?v=49a48f15:15401:26
    at Object.react_stack_bottom_frame (http://localhost:5173/node_modules/.vite/deps/react-three-fiber.esm-DLomctsd.js?v=49a48f15:7488:28)
    at B (http://localhost:5173/node_modules/.vite/deps/react-three-fiber.esm-DLomctsd.js?v=49a48f15:2433:90)
    at ca (http://localhost:5173/node_modules/.vite/deps/react-three-fiber.esm-DLomctsd.js?v=49a48f15:5308:80)
    at Pf (http://localhost:5173/node_modules/.vite/deps/react-three-fiber.esm-DLomctsd.js?v=49a48f15:5296:20)
    at yn (http://localhost:5173/node_modules/.vite/deps/react-three-fiber.esm-DLomctsd.js?v=49a48f15:5578:26)
    at rt (http://localhost:5173/node_modules/.vite/deps/react-three-fiber.esm-DLomctsd.js?v=49a48f15:5941:63)
    at yn (http://localhost:5173/node_modules/.vite/deps/react-three-fiber.esm-DLomctsd.js?v=49a48f15:5645:15)
    at rt (http://localhost:5173/node_modules/.vite/deps/react-three-fiber.esm-DLomctsd.js?v=49a48f15:5941:63)
[  242179ms] [WARNING] %s

%s
 An error occurred in the <CanvasImpl> component. Consider adding an error boundary to your tree to customize error handling behavior.
Visit https://react.dev/link/error-boundaries to learn more about error boundaries. @ http://localhost:5173/@vite/client:509
[  245648ms] [WARNING] THREE.THREE.Clock: This module has been deprecated. Please use THREE.Timer instead. @ http://localhost:5173/@vite/client:509
[  249472ms] TypeError: Cannot read properties of null (reading 'alpha')
    at EffectComposer.addPass (http://localhost:5173/node_modules/.vite/deps/@react-three_postprocessing.js?v=49a48f15:1054:61)
    at http://localhost:5173/node_modules/.vite/deps/@react-three_postprocessing.js?v=49a48f15:15401:26
    at Object.react_stack_bottom_frame (http://localhost:5173/node_modules/.vite/deps/react-three-fiber.esm-DLomctsd.js?v=49a48f15:7488:28)
    at B (http://localhost:5173/node_modules/.vite/deps/react-three-fiber.esm-DLomctsd.js?v=49a48f15:2433:90)
    at ca (http://localhost:5173/node_modules/.vite/deps/react-three-fiber.esm-DLomctsd.js?v=49a48f15:5308:80)
    at Pf (http://localhost:5173/node_modules/.vite/deps/react-three-fiber.esm-DLomctsd.js?v=49a48f15:5296:20)
    at yn (http://localhost:5173/node_modules/.vite/deps/react-three-fiber.esm-DLomctsd.js?v=49a48f15:5578:26)
    at rt (http://localhost:5173/node_modules/.vite/deps/react-three-fiber.esm-DLomctsd.js?v=49a48f15:5941:63)
    at yn (http://localhost:5173/node_modules/.vite/deps/react-three-fiber.esm-DLomctsd.js?v=49a48f15:5645:15)
    at rt (http://localhost:5173/node_modules/.vite/deps/react-three-fiber.esm-DLomctsd.js?v=49a48f15:5941:63)
[  249479ms] TypeError: Cannot read properties of null (reading 'alpha')
    at EffectComposer.addPass (http://localhost:5173/node_modules/.vite/deps/@react-three_postprocessing.js?v=49a48f15:1054:61)
    at http://localhost:5173/node_modules/.vite/deps/@react-three_postprocessing.js?v=49a48f15:15401:26
    at Object.react_stack_bottom_frame (http://localhost:5173/node_modules/.vite/deps/react-three-fiber.esm-DLomctsd.js?v=49a48f15:7488:28)
    at B (http://localhost:5173/node_modules/.vite/deps/react-three-fiber.esm-DLomctsd.js?v=49a48f15:2433:90)
    at ca (http://localhost:5173/node_modules/.vite/deps/react-three-fiber.esm-DLomctsd.js?v=49a48f15:5308:80)
    at Pf (http://localhost:5173/node_modules/.vite/deps/react-three-fiber.esm-DLomctsd.js?v=49a48f15:5296:20)
    at yn (http://localhost:5173/node_modules/.vite/deps/react-three-fiber.esm-DLomctsd.js?v=49a48f15:5578:26)
    at rt (http://localhost:5173/node_modules/.vite/deps/react-three-fiber.esm-DLomctsd.js?v=49a48f15:5941:63)
    at yn (http://localhost:5173/node_modules/.vite/deps/react-three-fiber.esm-DLomctsd.js?v=49a48f15:5645:15)
    at rt (http://localhost:5173/node_modules/.vite/deps/react-three-fiber.esm-DLomctsd.js?v=49a48f15:5941:63)
[  249479ms] [WARNING] %s

%s
 An error occurred in the <CanvasImpl> component. Consider adding an error boundary to your tree to customize error handling behavior.
Visit https://react.dev/link/error-boundaries to learn more about error boundaries. @ http://localhost:5173/@vite/client:509
[  333112ms] [WARNING] THREE.THREE.Clock: This module has been deprecated. Please use THREE.Timer instead. @ http://localhost:5173/@vite/client:509
[  361310ms] [ERROR] %s a style property during rerender (%s) when a conflicting property is set (%s) can lead to styling bugs. To avoid this, don't mix shorthand and non-shorthand properties for the same value; instead, replace the shorthand with separate values. Removing borderColor border @ http://localhost:5173/@vite/client:509
[  379182ms] [ERROR] %s a style property during rerender (%s) when a conflicting property is set (%s) can lead to styling bugs. To avoid this, don't mix shorthand and non-shorthand properties for the same value; instead, replace the shorthand with separate values. Removing borderColor border @ http://localhost:5173/@vite/client:509
[  379849ms] [ERROR] %s a style property during rerender (%s) when a conflicting property is set (%s) can lead to styling bugs. To avoid this, don't mix shorthand and non-shorthand properties for the same value; instead, replace the shorthand with separate values. Removing borderColor border @ http://localhost:5173/@vite/client:509
